To honour the JVM settings for this build a single-use Daemon process will be forked. For more on this, please refer to https://docs.gradle.org/8.9/userguide/gradle_daemon.html#sec:disabling_the_daemon in the Gradle documentation.
Daemon will be stopped at the end of the build 
> Task :app:preBuild UP-TO-DATE
> Task :app:preDebugBuild UP-TO-DATE
> Task :app:mergeDebugNativeDebugMetadata NO-SOURCE
> Task :app:checkKotlinGradlePluginConfigurationErrors SKIPPED
> Task :app:generateDebugResValues
> Task :app:checkDebugAarMetadata
> Task :app:mapDebugSourceSetPaths
> Task :app:generateDebugResources
> Task :app:packageDebugResources
> Task :app:mergeDebugResources
> Task :app:createDebugCompatibleScreenManifests
> Task :app:extractDeepLinksDebug
> Task :app:parseDebugLocalResources
> Task :app:processDebugMainManifest
> Task :app:processDebugManifest
> Task :app:javaPreCompileDebug
> Task :app:mergeDebugShaders
> Task :app:compileDebugShaders NO-SOURCE
> Task :app:processDebugManifestForPackage
> Task :app:generateDebugAssets UP-TO-DATE
> Task :app:mergeDebugAssets
> Task :app:desugarDebugFileDependencies
> Task :app:compressDebugAssets
> Task :app:mergeDebugStartupProfile
> Task :app:mergeDebugJniLibFolders
> Task :app:checkDebugDuplicateClasses
> Task :app:mergeDebugNativeLibs
> Task :app:processDebugResources
> Task :app:mergeLibDexDebug

> Task :app:stripDebugDebugSymbols
Unable to strip the following libraries, packaging them as they are: libandroidx.graphics.path.so.

> Task :app:validateSigningDebug
> Task :app:writeDebugAppMetadata
> Task :app:writeDebugSigningConfigVersions

> Task :app:kspDebugKotlin
e: file:///home/runner/work/XMU-schedule/XMU-schedule/app/src/main/java/com/zako/xmuschedule/ui/importing/ImportScreen.kt:141:46 Expecting ')'
e: file:///home/runner/work/XMU-schedule/XMU-schedule/app/src/main/java/com/zako/xmuschedule/ui/importing/ImportScreen.kt:141:46 Unexpected tokens (use ';' to separate expressions on the same line)
e: file:///home/runner/work/XMU-schedule/XMU-schedule/app/src/main/java/com/zako/xmuschedule/ui/importing/ImportScreen.kt:142:63 Unexpected tokens (use ';' to separate expressions on the same line)
e: file:///home/runner/work/XMU-schedule/XMU-schedule/app/src/main/java/com/zako/xmuschedule/ui/importing/ImportScreen.kt:143:88 Unexpected tokens (use ';' to separate expressions on the same line)
e: file:///home/runner/work/XMU-schedule/XMU-schedule/app/src/main/java/com/zako/xmuschedule/ui/importing/ImportScreen.kt:144:42 Unexpected tokens (use ';' to separate expressions on the same line)
e: file:///home/runner/work/XMU-schedule/XMU-schedule/app/src/main/java/com/zako/xmuschedule/ui/importing/ImportScreen.kt:145:59 Unexpected tokens (use ';' to separate expressions on the same line)
e: file:///home/runner/work/XMU-schedule/XMU-schedule/app/src/main/java/com/zako/xmuschedule/ui/importing/ImportScreen.kt:146:21 Expecting an element

> Task :app:kspDebugKotlin FAILED
> Task :app:mergeExtDexDebug
gradle/actions: Writing build results to /home/runner/work/_temp/.gradle-actions/build-results/__run-1790480833217.json

FAILURE: Build failed with an exception.

* What went wrong:
Execution failed for task ':app:kspDebugKotlin'.
> A failure occurred while executing org.jetbrains.kotlin.compilerRunner.GradleCompilerRunnerWithWorkers$GradleKotlinCompilerWorkAction
   > Compilation error. See log for more details

* Try:
> Run with --stacktrace option to get the stack trace.
> Run with --info or --debug option to get more log output.
> Run with --scan to get full insights.
> Get more help at https://help.gradle.org.

BUILD FAILED in 31s
29 actionable tasks: 29 executed
